{
  "id": 1361022729,
  "node_id": "R_kgDOUR-PCQ",
  "name": "one-piece-portfolio",
  "full_name": "saranasai-21/one-piece-portfolio",
  "private": false,
  "owner": {
    "login": "saranasai-21",
    "id": 230819111,
    "node_id": "U_kgDODcIFJw",
    "avatar_url": "https://avatars.githubusercontent.com/u/230819111?v=4",
    "gravatar_id": "",
    "url": "https://api.github.com/users/saranasai-21",
    "html_url": "https://github.com/saranasai-21",
    "followers_url": "https://api.github.com/users/saranasai-21/followers",
    "following_url": "https://api.github.com/users/saranasai-21/following{/other_user}",
    "gists_url": "https://api.github.com/users/saranasai-21/gists{/gist_id}",
    "starred_url": "https://api.github.com/users/saranasai-21/starred{/owner}{/repo}",
    "subscriptions_url": "https://api.github.com/users/saranasai-21/subscriptions",
    "organizations_url": "https://api.github.com/users/saranasai-21/orgs",
    "repos_url": "https://api.github.com/users/saranasai-21/repos",
    "events_url": "https://api.github.com/users/saranasai-21/events{/privacy}",
    "received_events_url": "https://api.github.com/users/saranasai-21/received_events",
    "type": "User",
    "user_view_type": "public",
    "site_admin": false
  },
  "html_url": "https://github.com/saranasai-21/one-piece-portfolio",
  "description": "One Piece themed 3D portfolio website built with React, Three.js, GSAP, and Framer Motion",
  "fork": false,
  "url": "https://api.github.com/repos/saranasai-21/one-piece-portfolio",
  "forks_url": "https://api.github.com/repos/saranasai-21/one-piece-portfolio/forks",
  "keys_url": "https://api.github.com/repos/saranasai-21/one-piece-portfolio/keys{/key_id}",
  "collaborators_url": "https://api.github.com/repos/saranasai-21/one-piece-portfolio/collaborators{/collaborator}",
  "teams_url": "https://api.github.com/repos/saranasai-21/one-piece-portfolio/teams",
  "hooks_url": "https://api.github.com/repos/saranasai-21/one-piece-portfolio/hooks",
  "issue_events_url": "https://api.github.com/repos/saranasai-21/one-piece-portfolio/issues/events{/number}",
  "events_url": "https://api.github.com/repos/saranasai-21/one-piece-portfolio/events",
  "assignees_url": "https://api.github.com/repos/saranasai-21/one-piece-portfolio/assignees{/user}",
  "branches_url": "https://api.github.com/repos/saranasai-21/one-piece-portfolio/branches{/branch}",
  "tags_url": "https://api.github.com/repos/saranasai-21/one-piece-portfolio/tags",
  "blobs_url": "https://api.github.com/repos/saranasai-21/one-piece-portfolio/git/blobs{/sha}",
  "git_tags_url": "https://api.github.com/repos/saranasai-21/one-piece-portfolio/git/tags{/sha}",
  "git_refs_url": "https://api.github.com/repos/saranasai-21/one-piece-portfolio/git/refs{/sha}",
  "trees_url": "https://api.github.com/repos/saranasai-21/one-piece-portfolio/git/trees{/sha}",
  "statuses_url": "https://api.github.com/repos/saranasai-21/one-piece-portfolio/statuses/{sha}",
  "languages_url": "https://api.github.com/repos/saranasai-21/one-piece-portfolio/languages",
  "stargazers_url": "https://api.github.com/repos/saranasai-21/one-piece-portfolio/stargazers",
  "contributors_url": "https://api.github.com/repos/saranasai-21/one-piece-portfolio/contributors",
  "subscribers_url": "https://api.github.com/repos/saranasai-21/one-piece-portfolio/subscribers",
  "subscription_url": "https://api.github.com/repos/saranasai-21/one-piece-portfolio/subscription",
  "commits_url": "https://api.github.com/repos/saranasai-21/one-piece-portfolio/commits{/sha}",
  "git_commits_url": "https://api.github.com/repos/saranasai-21/one-piece-portfolio/git/commits{/sha}",
  "comments_url": "https://api.github.com/repos/saranasai-21/one-piece-portfolio/comments{/number}",
  "issue_comment_url": "https://api.github.com/repos/saranasai-21/one-piece-portfolio/issues/comments{/number}",
  "contents_url": "https://api.github.com/repos/saranasai-21/one-piece-portfolio/contents/{+path}",
  "compare_url": "https://api.github.com/repos/saranasai-21/one-piece-portfolio/compare/{base}...{head}",
  "merges_url": "https://api.github.com/repos/saranasai-21/one-piece-portfolio/merges",
  "archive_url": "https://api.github.com/repos/saranasai-21/one-piece-portfolio/{archive_format}{/ref}",
  "downloads_url": "https://api.github.com/repos/saranasai-21/one-piece-portfolio/downloads",
  "issues_url": "https://api.github.com/repos/saranasai-21/one-piece-portfolio/issues{/number}",
  "pulls_url": "https://api.github.com/repos/saranasai-21/one-piece-portfolio/pulls{/number}",
  "milestones_url": "https://api.github.com/repos/saranasai-21/one-piece-portfolio/milestones{/number}",
  "notifications_url": "https://api.github.com/repos/saranasai-21/one-piece-portfolio/notifications{?since,all,participating}",
  "labels_url": "https://api.github.com/repos/saranasai-21/one-piece-portfolio/labels{/name}",
  "releases_url": "https://api.github.com/repos/saranasai-21/one-piece-portfolio/releases{/id}",
  "deployments_url": "https://api.github.com/repos/saranasai-21/one-piece-portfolio/deployments",
  "created_at": "2026-09-08T06:44:33Z",
  "updated_at": "2026-09-08T06:44:34Z",
  "pushed_at": "2026-09-08T06:44:34Z",
  "git_url": "git://github.com/saranasai-21/one-piece-portfolio.git",
  "ssh_url": "git@github.com:saranasai-21/one-piece-portfolio.git",
  "clone_url": "https://github.com/saranasai-21/one-piece-portfolio.git",
  "svn_url": "https://github.com/saranasai-21/one-piece-portfolio",
  "homepage": null,
  "size": 0,
  "stargazers_count": 0,
  "watchers_count": 0,
  "language": null,
  "has_issues": true,
  "has_projects": true,
  "has_downloads": false,
  "has_wiki": true,
  "has_pages": false,
  "has_discussions": false,
  "forks_count": 0,
  "mirror_url": null,
  "archived": false,
  "disabled": false,
  "open_issues_count": 0,
  "license": null,
  "allow_forking": true,
  "is_template": false,
  "web_commit_signoff_required": false,
  "has_pull_requests": true,
  "pull_request_creation_policy": "all",
  "topics": [

  ],
  "visibility": "public",
  "forks": 0,
  "open_issues": 0,
  "watchers": 0,
  "default_branch": "main",
  "permissions": {
    "admin": true,
    "maintain": true,
    "push": true,
    "triage": true,
    "pull": true
  },
  "allow_squash_merge": true,
  "allow_merge_commit": true,
  "allow_rebase_merge": true,
  "allow_auto_merge": false,
  "delete_branch_on_merge": false,
  "allow_update_branch": false,
  "use_squash_pr_title_as_default": false,
  "squash_merge_commit_message": "COMMIT_MESSAGES",
  "squash_merge_commit_title": "COMMIT_OR_PR_TITLE",
  "merge_commit_message": "PR_TITLE",
  "merge_commit_title": "MERGE_MESSAGE",
  "network_count": 0,
  "subscribers_count": 0
}
